node_modules/@tanstack/query-core/build/legacy/focusManager.d.ts(6,5): error TS18028: Private identifiers are only available when targeting ECMAScript 2015 and higher.
node_modules/@tanstack/query-core/build/legacy/hydration-Cvr-9VdO.d.ts(9,5): error TS18028: Private identifiers are only available when targeting ECMAScript 2015 and higher.
node_modules/@tanstack/query-core/build/legacy/hydration-Cvr-9VdO.d.ts(115,5): error TS18028: Private identifiers are only available when targeting ECMAScript 2015 and higher.
node_modules/@tanstack/query-core/build/legacy/hydration-Cvr-9VdO.d.ts(156,5): error TS18028: Private identifiers are only available when targeting ECMAScript 2015 and higher.
node_modules/@tanstack/query-core/build/legacy/hydration-Cvr-9VdO.d.ts(205,5): error TS18028: Private identifiers are only available when targeting ECMAScript 2015 and higher.
node_modules/@tanstack/query-core/build/legacy/hydration-Cvr-9VdO.d.ts(265,5): error TS18028: Private identifiers are only available when targeting ECMAScript 2015 and higher.
node_modules/@tanstack/query-core/build/legacy/hydration-Cvr-9VdO.d.ts(418,5): error TS18028: Private identifiers are only available when targeting ECMAScript 2015 and higher.
node_modules/@tanstack/query-core/build/legacy/hydration-Cvr-9VdO.d.ts(435,5): error TS18028: Private identifiers are only available when targeting ECMAScript 2015 and higher.
node_modules/@tanstack/query-core/build/legacy/onlineManager.d.ts(6,5): error TS18028: Private identifiers are only available when targeting ECMAScript 2015 and higher.
node_modules/@tanstack/query-core/build/legacy/queriesObserver.d.ts(11,5): error TS18028: Private identifiers are only available when targeting ECMAScript 2015 and higher.
node_modules/@tanstack/query-core/build/legacy/removable.d.ts(2,5): error TS18028: Private identifiers are only available when targeting ECMAScript 2015 and higher.
node_modules/sonner/dist/index.d.ts(1,8): error TS1259: Module '"C:/Users/I36250020/j2w-flow-insight/node_modules/@types/react/index"' can only be default-imported using the 'esModuleInterop' flag
src/pages/Projects.tsx(3,23): error TS2307: Cannot find module '@/components/layout/AppLayout' or its corresponding type declarations.
src/pages/Projects.tsx(4,20): error TS2307: Cannot find module '@/components/layout/Topbar' or its corresponding type declarations.
src/pages/Projects.tsx(5,141): error TS2307: Cannot find module '@/hooks/useData' or its corresponding type declarations.
src/pages/Projects.tsx(6,26): error TS2307: Cannot find module '@/integrations/supabase/client' or its corresponding type declarations.
src/pages/Projects.tsx(7,31): error TS2307: Cannot find module '@/lib/audit' or its corresponding type declarations.
src/pages/Projects.tsx(438,7): error TS17004: Cannot use JSX unless the '--jsx' flag is provided.
src/pages/Projects.tsx(441,11): error TS17004: Cannot use JSX unless the '--jsx' flag is provided.
src/pages/Projects.tsx(443,14): error TS17004: Cannot use JSX unless the '--jsx' flag is provided.
src/pages/Projects.tsx(446,19): error TS17004: Cannot use JSX unless the '--jsx' flag is provided.
src/pages/Projects.tsx(453,17): error TS17004: Cannot use JSX unless the '--jsx' flag is provided.
src/pages/Projects.tsx(459,9): error TS17004: Cannot use JSX unless the '--jsx' flag is provided.
src/pages/Projects.tsx(466,11): error TS17004: Cannot use JSX unless the '--jsx' flag is provided.
src/pages/Projects.tsx(476,11): error TS17004: Cannot use JSX unless the '--jsx' flag is provided.
src/pages/Projects.tsx(477,13): error TS17004: Cannot use JSX unless the '--jsx' flag is provided.
src/pages/Projects.tsx(480,13): error TS17004: Cannot use JSX unless the '--jsx' flag is provided.
src/pages/Projects.tsx(484,17): error TS17004: Cannot use JSX unless the '--jsx' flag is provided.
src/pages/Projects.tsx(488,13): error TS17004: Cannot use JSX unless the '--jsx' flag is provided.
src/pages/Projects.tsx(496,11): error TS17004: Cannot use JSX unless the '--jsx' flag is provided.
src/pages/Projects.tsx(498,13): error TS17004: Cannot use JSX unless the '--jsx' flag is provided.
src/pages/Projects.tsx(500,13): error TS17004: Cannot use JSX unless the '--jsx' flag is provided.
src/pages/Projects.tsx(584,5): error TS17004: Cannot use JSX unless the '--jsx' flag is provided.
src/pages/Projects.tsx(585,7): error TS17004: Cannot use JSX unless the '--jsx' flag is provided.
src/pages/Projects.tsx(586,7): error TS17004: Cannot use JSX unless the '--jsx' flag is provided.
src/pages/Projects.tsx(588,9): error TS17004: Cannot use JSX unless the '--jsx' flag is provided.
src/pages/Projects.tsx(589,11): error TS17004: Cannot use JSX unless the '--jsx' flag is provided.
src/pages/Projects.tsx(594,13): error TS17004: Cannot use JSX unless the '--jsx' flag is provided.
src/pages/Projects.tsx(596,15): error TS17004: Cannot use JSX unless the '--jsx' flag is provided.
src/pages/Projects.tsx(599,11): error TS17004: Cannot use JSX unless the '--jsx' flag is provided.
src/pages/Projects.tsx(604,13): error TS17004: Cannot use JSX unless the '--jsx' flag is provided.
src/pages/Projects.tsx(606,15): error TS17004: Cannot use JSX unless the '--jsx' flag is provided.
src/pages/Projects.tsx(609,11): error TS17004: Cannot use JSX unless the '--jsx' flag is provided.
src/pages/Projects.tsx(618,9): error TS17004: Cannot use JSX unless the '--jsx' flag is provided.
src/pages/Projects.tsx(622,15): error TS17004: Cannot use JSX unless the '--jsx' flag is provided.
src/pages/Projects.tsx(635,11): error TS17004: Cannot use JSX unless the '--jsx' flag is provided.
src/pages/Projects.tsx(636,13): error TS17004: Cannot use JSX unless the '--jsx' flag is provided.
src/pages/Projects.tsx(641,11): error TS17004: Cannot use JSX unless the '--jsx' flag is provided.
src/pages/Projects.tsx(643,13): error TS17004: Cannot use JSX unless the '--jsx' flag is provided.
src/pages/Projects.tsx(644,15): error TS17004: Cannot use JSX unless the '--jsx' flag is provided.
src/pages/Projects.tsx(645,17): error TS17004: Cannot use JSX unless the '--jsx' flag is provided.
src/pages/Projects.tsx(646,19): error TS17004: Cannot use JSX unless the '--jsx' flag is provided.
src/pages/Projects.tsx(647,21): error TS17004: Cannot use JSX unless the '--jsx' flag is provided.
src/pages/Projects.tsx(648,21): error TS17004: Cannot use JSX unless the '--jsx' flag is provided.
src/pages/Projects.tsx(649,21): error TS17004: Cannot use JSX unless the '--jsx' flag is provided.
src/pages/Projects.tsx(657,21): error TS17004: Cannot use JSX unless the '--jsx' flag is provided.
src/pages/Projects.tsx(658,23): error TS17004: Cannot use JSX unless the '--jsx' flag is provided.
src/pages/Projects.tsx(659,23): error TS17004: Cannot use JSX unless the '--jsx' flag is provided.
src/pages/Projects.tsx(659,134): error TS17004: Cannot use JSX unless the '--jsx' flag is provided.
src/pages/Projects.tsx(660,23): error TS17004: Cannot use JSX unless the '--jsx' flag is provided.
src/pages/Projects.tsx(660,133): error TS17004: Cannot use JSX unless the '--jsx' flag is provided.
src/pages/Projects.tsx(663,21): error TS17004: Cannot use JSX unless the '--jsx' flag is provided.
src/pages/Projects.tsx(664,23): error TS17004: Cannot use JSX unless the '--jsx' flag is provided.
src/pages/Projects.tsx(668,17): error TS17004: Cannot use JSX unless the '--jsx' flag is provided.
src/pages/Projects.tsx(669,19): error TS17004: Cannot use JSX unless the '--jsx' flag is provided.
src/pages/Projects.tsx(670,19): error TS17004: Cannot use JSX unless the '--jsx' flag is provided.
src/pages/Projects.tsx(671,19): error TS17004: Cannot use JSX unless the '--jsx' flag is provided.
src/pages/Projects.tsx(673,17): error TS17004: Cannot use JSX unless the '--jsx' flag is provided.
src/pages/Projects.tsx(674,19): error TS17004: Cannot use JSX unless the '--jsx' flag is provided.
src/pages/Projects.tsx(674,70): error TS17004: Cannot use JSX unless the '--jsx' flag is provided.
src/pages/Projects.tsx(675,19): error TS17004: Cannot use JSX unless the '--jsx' flag is provided.
src/pages/Projects.tsx(675,67): error TS17004: Cannot use JSX unless the '--jsx' flag is provided.
src/pages/Projects.tsx(676,19): error TS17004: Cannot use JSX unless the '--jsx' flag is provided.
src/pages/Projects.tsx(676,73): error TS17004: Cannot use JSX unless the '--jsx' flag is provided.
src/pages/Projects.tsx(679,15): error TS17004: Cannot use JSX unless the '--jsx' flag is provided.
src/pages/Projects.tsx(686,19): error TS17004: Cannot use JSX unless the '--jsx' flag is provided.
src/pages/Projects.tsx(687,21): error TS17004: Cannot use JSX unless the '--jsx' flag is provided.
src/pages/Projects.tsx(688,21): error TS17004: Cannot use JSX unless the '--jsx' flag is provided.
src/pages/Projects.tsx(695,13): error TS17004: Cannot use JSX unless the '--jsx' flag is provided.
src/pages/Projects.tsx(696,15): error TS17004: Cannot use JSX unless the '--jsx' flag is provided.
src/pages/Projects.tsx(697,17): error TS17004: Cannot use JSX unless the '--jsx' flag is provided.
src/pages/Projects.tsx(698,19): error TS17004: Cannot use JSX unless the '--jsx' flag is provided.
src/pages/Projects.tsx(700,17): error TS17004: Cannot use JSX unless the '--jsx' flag is provided.
src/pages/Projects.tsx(701,19): error TS17004: Cannot use JSX unless the '--jsx' flag is provided.
src/pages/Projects.tsx(702,21): error TS17004: Cannot use JSX unless the '--jsx' flag is provided.
src/pages/Projects.tsx(709,21): error TS17004: Cannot use JSX unless the '--jsx' flag is provided.
src/pages/Projects.tsx(711,25): error TS17004: Cannot use JSX unless the '--jsx' flag is provided.
src/pages/Projects.tsx(727,19): error TS17004: Cannot use JSX unless the '--jsx' flag is provided.
src/pages/Projects.tsx(728,21): error TS17004: Cannot use JSX unless the '--jsx' flag is provided.
src/pages/Projects.tsx(736,21): error TS17004: Cannot use JSX unless the '--jsx' flag is provided.
src/pages/Projects.tsx(737,24): error TS17004: Cannot use JSX unless the '--jsx' flag is provided.
src/pages/Projects.tsx(751,26): error TS17004: Cannot use JSX unless the '--jsx' flag is provided.
src/pages/Projects.tsx(753,24): error TS17004: Cannot use JSX unless the '--jsx' flag is provided.
src/pages/Projects.tsx(758,26): error TS17004: Cannot use JSX unless the '--jsx' flag is provided.
src/pages/Projects.tsx(763,21): error TS17004: Cannot use JSX unless the '--jsx' flag is provided.
src/pages/Projects.tsx(764,24): error TS17004: Cannot use JSX unless the '--jsx' flag is provided.
src/pages/Projects.tsx(765,26): error TS17004: Cannot use JSX unless the '--jsx' flag is provided.
src/pages/Projects.tsx(766,26): error TS17004: Cannot use JSX unless the '--jsx' flag is provided.
src/pages/Projects.tsx(767,26): error TS17004: Cannot use JSX unless the '--jsx' flag is provided.
src/pages/Projects.tsx(768,29): error TS17004: Cannot use JSX unless the '--jsx' flag is provided.
src/pages/Projects.tsx(771,24): error TS17004: Cannot use JSX unless the '--jsx' flag is provided.
src/pages/Projects.tsx(779,13): error TS17004: Cannot use JSX unless the '--jsx' flag is provided.
src/pages/Projects.tsx(780,16): error TS17004: Cannot use JSX unless the '--jsx' flag is provided.
src/pages/Projects.tsx(781,18): error TS17004: Cannot use JSX unless the '--jsx' flag is provided.
src/pages/Projects.tsx(782,20): error TS17004: Cannot use JSX unless the '--jsx' flag is provided.
src/pages/Projects.tsx(783,20): error TS17004: Cannot use JSX unless the '--jsx' flag is provided.
src/pages/Projects.tsx(785,24): error TS17004: Cannot use JSX unless the '--jsx' flag is provided.
src/pages/Projects.tsx(805,15): error TS17004: Cannot use JSX unless the '--jsx' flag is provided.
src/pages/Projects.tsx(806,17): error TS17004: Cannot use JSX unless the '--jsx' flag is provided.
src/pages/Projects.tsx(807,19): error TS17004: Cannot use JSX unless the '--jsx' flag is provided.
src/pages/Projects.tsx(811,21): error TS17004: Cannot use JSX unless the '--jsx' flag is provided.
src/pages/Projects.tsx(812,47): error TS17004: Cannot use JSX unless the '--jsx' flag is provided.
src/pages/Projects.tsx(812,76): error TS17004: Cannot use JSX unless the '--jsx' flag is provided.
src/pages/Projects.tsx(818,21): error TS17004: Cannot use JSX unless the '--jsx' flag is provided.
src/pages/Projects.tsx(819,24): error TS17004: Cannot use JSX unless the '--jsx' flag is provided.
src/pages/Projects.tsx(820,26): error TS17004: Cannot use JSX unless the '--jsx' flag is provided.
src/pages/Projects.tsx(822,26): error TS17004: Cannot use JSX unless the '--jsx' flag is provided.
src/pages/Projects.tsx(826,21): error TS17004: Cannot use JSX unless the '--jsx' flag is provided.
src/pages/Projects.tsx(830,25): error TS17004: Cannot use JSX unless the '--jsx' flag is provided.
src/pages/Projects.tsx(838,27): error TS17004: Cannot use JSX unless the '--jsx' flag is provided.
src/pages/Projects.tsx(839,29): error TS17004: Cannot use JSX unless the '--jsx' flag is provided.
src/pages/Projects.tsx(844,31): error TS17004: Cannot use JSX unless the '--jsx' flag is provided.
src/pages/Projects.tsx(846,31): error TS17004: Cannot use JSX unless the '--jsx' flag is provided.
src/pages/Projects.tsx(854,29): error TS17004: Cannot use JSX unless the '--jsx' flag is provided.
src/pages/Projects.tsx(855,32): error TS17004: Cannot use JSX unless the '--jsx' flag is provided.
src/pages/Projects.tsx(864,64): error TS17004: Cannot use JSX unless the '--jsx' flag is provided.
src/pages/Projects.tsx(864,113): error TS17004: Cannot use JSX unless the '--jsx' flag is provided.
src/pages/Projects.tsx(866,32): error TS17004: Cannot use JSX unless the '--jsx' flag is provided.
src/pages/Projects.tsx(871,27): error TS17004: Cannot use JSX unless the '--jsx' flag is provided.
src/pages/Projects.tsx(876,30): error TS17004: Cannot use JSX unless the '--jsx' flag is provided.
src/pages/Projects.tsx(883,33): error TS17004: Cannot use JSX unless the '--jsx' flag is provided.
src/pages/Projects.tsx(884,33): error TS17004: Cannot use JSX unless the '--jsx' flag is provided.
src/pages/Projects.tsx(889,30): error TS17004: Cannot use JSX unless the '--jsx' flag is provided.
src/pages/Projects.tsx(901,13): error TS17004: Cannot use JSX unless the '--jsx' flag is provided.
src/pages/Projects.tsx(909,13): error TS17004: Cannot use JSX unless the '--jsx' flag is provided.
src/pages/Projects.tsx(910,15): error TS17004: Cannot use JSX unless the '--jsx' flag is provided.
src/pages/Projects.tsx(911,17): error TS17004: Cannot use JSX unless the '--jsx' flag is provided.
src/pages/Projects.tsx(912,17): error TS17004: Cannot use JSX unless the '--jsx' flag is provided.
src/pages/Projects.tsx(913,19): error TS17004: Cannot use JSX unless the '--jsx' flag is provided.
src/pages/Projects.tsx(918,21): error TS17004: Cannot use JSX unless the '--jsx' flag is provided.
src/pages/Projects.tsx(920,23): error TS17004: Cannot use JSX unless the '--jsx' flag is provided.
src/pages/Projects.tsx(923,19): error TS17004: Cannot use JSX unless the '--jsx' flag is provided.
src/pages/Projects.tsx(929,19): error TS17004: Cannot use JSX unless the '--jsx' flag is provided.
src/pages/Projects.tsx(930,21): error TS17004: Cannot use JSX unless the '--jsx' flag is provided.
src/pages/Projects.tsx(934,15): error TS17004: Cannot use JSX unless the '--jsx' flag is provided.
src/pages/Projects.tsx(935,17): error TS17004: Cannot use JSX unless the '--jsx' flag is provided.
src/pages/Projects.tsx(936,19): error TS17004: Cannot use JSX unless the '--jsx' flag is provided.
src/pages/Projects.tsx(937,21): error TS17004: Cannot use JSX unless the '--jsx' flag is provided.
src/pages/Projects.tsx(939,25): error TS17004: Cannot use JSX unless the '--jsx' flag is provided.
src/pages/Projects.tsx(948,19): error TS17004: Cannot use JSX unless the '--jsx' flag is provided.
src/pages/Projects.tsx(950,23): error TS17004: Cannot use JSX unless the '--jsx' flag is provided.
src/pages/Projects.tsx(950,27): error TS17004: Cannot use JSX unless the '--jsx' flag is provided.
src/pages/Projects.tsx(953,23): error TS17004: Cannot use JSX unless the '--jsx' flag is provided.
src/pages/Projects.tsx(954,25): error TS17004: Cannot use JSX unless the '--jsx' flag is provided.
src/pages/Projects.tsx(955,27): error TS17004: Cannot use JSX unless the '--jsx' flag is provided.
src/pages/Projects.tsx(957,25): error TS17004: Cannot use JSX unless the '--jsx' flag is provided.
src/pages/Projects.tsx(958,27): error TS17004: Cannot use JSX unless the '--jsx' flag is provided.
src/pages/Projects.tsx(965,25): error TS17004: Cannot use JSX unless the '--jsx' flag is provided.
src/pages/Projects.tsx(966,27): error TS17004: Cannot use JSX unless the '--jsx' flag is provided.
src/pages/Projects.tsx(967,29): error TS17004: Cannot use JSX unless the '--jsx' flag is provided.
src/pages/Projects.tsx(968,29): error TS17004: Cannot use JSX unless the '--jsx' flag is provided.
src/pages/Projects.tsx(969,29): error TS17004: Cannot use JSX unless the '--jsx' flag is provided.
src/pages/Projects.tsx(972,25): error TS17004: Cannot use JSX unless the '--jsx' flag is provided.
src/pages/Projects.tsx(973,27): error TS17004: Cannot use JSX unless the '--jsx' flag is provided.
src/pages/Projects.tsx(974,29): error TS17004: Cannot use JSX unless the '--jsx' flag is provided.
src/pages/Projects.tsx(975,29): error TS17004: Cannot use JSX unless the '--jsx' flag is provided.
src/pages/Projects.tsx(976,29): error TS17004: Cannot use JSX unless the '--jsx' flag is provided.
src/pages/Projects.tsx(979,25): error TS17004: Cannot use JSX unless the '--jsx' flag is provided.
src/pages/Projects.tsx(980,27): error TS17004: Cannot use JSX unless the '--jsx' flag is provided.
src/pages/Projects.tsx(981,29): error TS17004: Cannot use JSX unless the '--jsx' flag is provided.
src/pages/Projects.tsx(982,31): error TS17004: Cannot use JSX unless the '--jsx' flag is provided.
src/pages/Projects.tsx(984,29): error TS17004: Cannot use JSX unless the '--jsx' flag is provided.
src/pages/Projects.tsx(991,25): error TS17004: Cannot use JSX unless the '--jsx' flag is provided.
src/pages/Projects.tsx(992,27): error TS17004: Cannot use JSX unless the '--jsx' flag is provided.
src/pages/Projects.tsx(993,29): error TS17004: Cannot use JSX unless the '--jsx' flag is provided.
src/pages/Projects.tsx(999,33): error TS17004: Cannot use JSX unless the '--jsx' flag is provided.
src/pages/Projects.tsx(1002,65): error TS17004: Cannot use JSX unless the '--jsx' flag is provided.
src/pages/Projects.tsx(1005,25): error TS17004: Cannot use JSX unless the '--jsx' flag is provided.
src/pages/Projects.tsx(1006,29): error TS17004: Cannot use JSX unless the '--jsx' flag is provided.
src/pages/Projects.tsx(1010,29): error TS17004: Cannot use JSX unless the '--jsx' flag is provided.
src/pages/Projects.tsx(1013,25): error TS17004: Cannot use JSX unless the '--jsx' flag is provided.
src/pages/Projects.tsx(1014,27): error TS17004: Cannot use JSX unless the '--jsx' flag is provided.
src/pages/Projects.tsx(1019,29): error TS17004: Cannot use JSX unless the '--jsx' flag is provided.
src/pages/Projects.tsx(1020,29): error TS17004: Cannot use JSX unless the '--jsx' flag is provided.
src/pages/Projects.tsx(1023,25): error TS17004: Cannot use JSX unless the '--jsx' flag is provided.
src/pages/Projects.tsx(1024,27): error TS17004: Cannot use JSX unless the '--jsx' flag is provided.
src/pages/Projects.tsx(1031,25): error TS17004: Cannot use JSX unless the '--jsx' flag is provided.
src/pages/Projects.tsx(1033,29): error TS17004: Cannot use JSX unless the '--jsx' flag is provided.
src/pages/Projects.tsx(1034,31): error TS17004: Cannot use JSX unless the '--jsx' flag is provided.
src/pages/Projects.tsx(1034,138): error TS17004: Cannot use JSX unless the '--jsx' flag is provided.
src/pages/Projects.tsx(1035,31): error TS17004: Cannot use JSX unless the '--jsx' flag is provided.
src/pages/Projects.tsx(1035,143): error TS17004: Cannot use JSX unless the '--jsx' flag is provided.
src/pages/Projects.tsx(1038,29): error TS17004: Cannot use JSX unless the '--jsx' flag is provided.
src/pages/Projects.tsx(1039,31): error TS17004: Cannot use JSX unless the '--jsx' flag is provided.
src/pages/Projects.tsx(1051,13): error TS17004: Cannot use JSX unless the '--jsx' flag is provided.
src/pages/Projects.tsx(1052,15): error TS17004: Cannot use JSX unless the '--jsx' flag is provided.
src/pages/Projects.tsx(1053,17): error TS17004: Cannot use JSX unless the '--jsx' flag is provided.
src/pages/Projects.tsx(1054,17): error TS17004: Cannot use JSX unless the '--jsx' flag is provided.
src/pages/Projects.tsx(1055,19): error TS17004: Cannot use JSX unless the '--jsx' flag is provided.
src/pages/Projects.tsx(1056,21): error TS17004: Cannot use JSX unless the '--jsx' flag is provided.
src/pages/Projects.tsx(1058,19): error TS17004: Cannot use JSX unless the '--jsx' flag is provided.
src/pages/Projects.tsx(1059,21): error TS17004: Cannot use JSX unless the '--jsx' flag is provided.
src/pages/Projects.tsx(1060,23): error TS17004: Cannot use JSX unless the '--jsx' flag is provided.
src/pages/Projects.tsx(1063,23): error TS17004: Cannot use JSX unless the '--jsx' flag is provided.
src/pages/Projects.tsx(1064,60): error TS17004: Cannot use JSX unless the '--jsx' flag is provided.
src/pages/Projects.tsx(1066,27): error TS17004: Cannot use JSX unless the '--jsx' flag is provided.
src/pages/Projects.tsx(1075,48): error TS17004: Cannot use JSX unless the '--jsx' flag is provided.
src/pages/Projects.tsx(1076,15): error TS17004: Cannot use JSX unless the '--jsx' flag is provided.
src/pages/Projects.tsx(1078,19): error TS17004: Cannot use JSX unless the '--jsx' flag is provided.
src/pages/Projects.tsx(1079,21): error TS17004: Cannot use JSX unless the '--jsx' flag is provided.
src/pages/Projects.tsx(1082,21): error TS17004: Cannot use JSX unless the '--jsx' flag is provided.
src/pages/Projects.tsx(1083,23): error TS17004: Cannot use JSX unless the '--jsx' flag is provided.
src/pages/Projects.tsx(1084,23): error TS17004: Cannot use JSX unless the '--jsx' flag is provided.
src/pages/Projects.tsx(1087,23): error TS17004: Cannot use JSX unless the '--jsx' flag is provided.
src/pages/Projects.tsx(1088,25): error TS17004: Cannot use JSX unless the '--jsx' flag is provided.
src/pages/Projects.tsx(1089,25): error TS17004: Cannot use JSX unless the '--jsx' flag is provided.
src/pages/Projects.tsx(1089,129): error TS17004: Cannot use JSX unless the '--jsx' flag is provided.
src/pages/Projects.tsx(1090,25): error TS17004: Cannot use JSX unless the '--jsx' flag is provided.
src/pages/Projects.tsx(1090,128): error TS17004: Cannot use JSX unless the '--jsx' flag is provided.
src/pages/Projects.tsx(1093,23): error TS17004: Cannot use JSX unless the '--jsx' flag is provided.
src/pages/Projects.tsx(1093,150): error TS17004: Cannot use JSX unless the '--jsx' flag is provided.
src/pages/Projects.tsx(1100,17): error TS17004: Cannot use JSX unless the '--jsx' flag is provided.
src/pages/Projects.tsx(1101,19): error TS17004: Cannot use JSX unless the '--jsx' flag is provided.
src/pages/Projects.tsx(1102,21): error TS17004: Cannot use JSX unless the '--jsx' flag is provided.
src/pages/Projects.tsx(1103,23): error TS17004: Cannot use JSX unless the '--jsx' flag is provided.
src/pages/Projects.tsx(1104,23): error TS17004: Cannot use JSX unless the '--jsx' flag is provided.
src/pages/Projects.tsx(1106,21): error TS17004: Cannot use JSX unless the '--jsx' flag is provided.
src/pages/Projects.tsx(1107,23): error TS17004: Cannot use JSX unless the '--jsx' flag is provided.
src/pages/Projects.tsx(1112,27): error TS17004: Cannot use JSX unless the '--jsx' flag is provided.
src/pages/Projects.tsx(1113,29): error TS17004: Cannot use JSX unless the '--jsx' flag is provided.
src/pages/Projects.tsx(1114,32): error TS17004: Cannot use JSX unless the '--jsx' flag is provided.
src/pages/Projects.tsx(1116,29): error TS17004: Cannot use JSX unless the '--jsx' flag is provided.
src/pages/Projects.tsx(1123,19): error TS17004: Cannot use JSX unless the '--jsx' flag is provided.
src/pages/Projects.tsx(1124,21): error TS17004: Cannot use JSX unless the '--jsx' flag is provided.
src/pages/Projects.tsx(1125,23): error TS17004: Cannot use JSX unless the '--jsx' flag is provided.
src/pages/Projects.tsx(1126,23): error TS17004: Cannot use JSX unless the '--jsx' flag is provided.
src/pages/Projects.tsx(1128,21): error TS17004: Cannot use JSX unless the '--jsx' flag is provided.
src/pages/Projects.tsx(1132,27): error TS17004: Cannot use JSX unless the '--jsx' flag is provided.
src/pages/Projects.tsx(1133,29): error TS17004: Cannot use JSX unless the '--jsx' flag is provided.
src/pages/Projects.tsx(1134,31): error TS17004: Cannot use JSX unless the '--jsx' flag is provided.
src/pages/Projects.tsx(1136,29): error TS17004: Cannot use JSX unless the '--jsx' flag is provided.
src/pages/Projects.tsx(1141,29): error TS17004: Cannot use JSX unless the '--jsx' flag is provided.
src/pages/Projects.tsx(1142,31): error TS17004: Cannot use JSX unless the '--jsx' flag is provided.
src/pages/Projects.tsx(1147,33): error TS17004: Cannot use JSX unless the '--jsx' flag is provided.
src/pages/Projects.tsx(1149,35): error TS17004: Cannot use JSX unless the '--jsx' flag is provided.
src/pages/Projects.tsx(1152,71): error TS17004: Cannot use JSX unless the '--jsx' flag is provided.
src/pages/Projects.tsx(1164,13): error TS17004: Cannot use JSX unless the '--jsx' flag is provided.
src/pages/Projects.tsx(1165,15): error TS17004: Cannot use JSX unless the '--jsx' flag is provided.
src/pages/Projects.tsx(1166,17): error TS17004: Cannot use JSX unless the '--jsx' flag is provided.
src/pages/Projects.tsx(1167,17): error TS17004: Cannot use JSX unless the '--jsx' flag is provided.
src/pages/Projects.tsx(1168,17): error TS17004: Cannot use JSX unless the '--jsx' flag is provided.
src/pages/Projects.tsx(1170,15): error TS17004: Cannot use JSX unless the '--jsx' flag is provided.
src/pages/Projects.tsx(1172,19): error TS17004: Cannot use JSX unless the '--jsx' flag is provided.
src/pages/Projects.tsx(1210,21): error TS17004: Cannot use JSX unless the '--jsx' flag is provided.
src/pages/Projects.tsx(1211,23): error TS17004: Cannot use JSX unless the '--jsx' flag is provided.
src/pages/Projects.tsx(1212,25): error TS17004: Cannot use JSX unless the '--jsx' flag is provided.
src/pages/Projects.tsx(1214,23): error TS17004: Cannot use JSX unless the '--jsx' flag is provided.
src/pages/Projects.tsx(1215,25): error TS17004: Cannot use JSX unless the '--jsx' flag is provided.
src/pages/Projects.tsx(1216,25): error TS17004: Cannot use JSX unless the '--jsx' flag is provided.
src/pages/Projects.tsx(1218,23): error TS17004: Cannot use JSX unless the '--jsx' flag is provided.
src/pages/Projects.tsx(1228,13): error TS17004: Cannot use JSX unless the '--jsx' flag is provided.
src/pages/Projects.tsx(1229,15): error TS17004: Cannot use JSX unless the '--jsx' flag is provided.
src/pages/Projects.tsx(1230,17): error TS17004: Cannot use JSX unless the '--jsx' flag is provided.
src/pages/Projects.tsx(1231,19): error TS17004: Cannot use JSX unless the '--jsx' flag is provided.
src/pages/Projects.tsx(1232,19): error TS17004: Cannot use JSX unless the '--jsx' flag is provided.
src/pages/Projects.tsx(1234,23): error TS17004: Cannot use JSX unless the '--jsx' flag is provided.
src/pages/Projects.tsx(1248,17): error TS17004: Cannot use JSX unless the '--jsx' flag is provided.
src/pages/Projects.tsx(1249,20): error TS17004: Cannot use JSX unless the '--jsx' flag is provided.
src/pages/Projects.tsx(1251,25): error TS17004: Cannot use JSX unless the '--jsx' flag is provided.
src/pages/Projects.tsx(1266,20): error TS17004: Cannot use JSX unless the '--jsx' flag is provided.
src/pages/Projects.tsx(1271,36): error TS17004: Cannot use JSX unless the '--jsx' flag is provided.
src/pages/Projects.tsx(1271,85): error TS17004: Cannot use JSX unless the '--jsx' flag is provided.
src/pages/Projects.tsx(1274,19): error TS17004: Cannot use JSX unless the '--jsx' flag is provided.
src/pages/Projects.tsx(1289,15): error TS17004: Cannot use JSX unless the '--jsx' flag is provided.
src/pages/Projects.tsx(1290,17): error TS17004: Cannot use JSX unless the '--jsx' flag is provided.
src/pages/Projects.tsx(1291,19): error TS17004: Cannot use JSX unless the '--jsx' flag is provided.
src/pages/Projects.tsx(1292,21): error TS17004: Cannot use JSX unless the '--jsx' flag is provided.
src/pages/Projects.tsx(1293,23): error TS17004: Cannot use JSX unless the '--jsx' flag is provided.
src/pages/Projects.tsx(1294,23): error TS17004: Cannot use JSX unless the '--jsx' flag is provided.
src/pages/Projects.tsx(1295,23): error TS17004: Cannot use JSX unless the '--jsx' flag is provided.
src/pages/Projects.tsx(1296,23): error TS17004: Cannot use JSX unless the '--jsx' flag is provided.
src/pages/Projects.tsx(1297,23): error TS17004: Cannot use JSX unless the '--jsx' flag is provided.
src/pages/Projects.tsx(1298,23): error TS17004: Cannot use JSX unless the '--jsx' flag is provided.
src/pages/Projects.tsx(1301,19): error TS17004: Cannot use JSX unless the '--jsx' flag is provided.
src/pages/Projects.tsx(1303,23): error TS17004: Cannot use JSX unless the '--jsx' flag is provided.
src/pages/Projects.tsx(1303,27): error TS17004: Cannot use JSX unless the '--jsx' flag is provided.
src/pages/Projects.tsx(1308,23): error TS17004: Cannot use JSX unless the '--jsx' flag is provided.
src/pages/Projects.tsx(1309,25): error TS17004: Cannot use JSX unless the '--jsx' flag is provided.
src/pages/Projects.tsx(1310,27): error TS17004: Cannot use JSX unless the '--jsx' flag is provided.
src/pages/Projects.tsx(1311,29): error TS17004: Cannot use JSX unless the '--jsx' flag is provided.
src/pages/Projects.tsx(1312,29): error TS17004: Cannot use JSX unless the '--jsx' flag is provided.
src/pages/Projects.tsx(1315,25): error TS17004: Cannot use JSX unless the '--jsx' flag is provided.
src/pages/Projects.tsx(1316,27): error TS17004: Cannot use JSX unless the '--jsx' flag is provided.
src/pages/Projects.tsx(1324,25): error TS17004: Cannot use JSX unless the '--jsx' flag is provided.
src/pages/Projects.tsx(1325,25): error TS17004: Cannot use JSX unless the '--jsx' flag is provided.
src/pages/Projects.tsx(1326,25): error TS17004: Cannot use JSX unless the '--jsx' flag is provided.
src/pages/Projects.tsx(1327,25): error TS17004: Cannot use JSX unless the '--jsx' flag is provided.
src/pages/Projects.tsx(1328,27): error TS17004: Cannot use JSX unless the '--jsx' flag is provided.
src/pages/Projects.tsx(1329,29): error TS17004: Cannot use JSX unless the '--jsx' flag is provided.
src/pages/Projects.tsx(1343,11): error TS17004: Cannot use JSX unless the '--jsx' flag is provided.
src/pages/Projects.tsx(1344,13): error TS17004: Cannot use JSX unless the '--jsx' flag is provided.
src/pages/Projects.tsx(1345,15): error TS17004: Cannot use JSX unless the '--jsx' flag is provided.
src/pages/Projects.tsx(1346,15): error TS17004: Cannot use JSX unless the '--jsx' flag is provided.
src/pages/Projects.tsx(1347,15): error TS17004: Cannot use JSX unless the '--jsx' flag is provided.
src/pages/Projects.tsx(1348,15): error TS17004: Cannot use JSX unless the '--jsx' flag is provided.
src/pages/Projects.tsx(1349,15): error TS17004: Cannot use JSX unless the '--jsx' flag is provided.
src/pages/Projects.tsx(1350,15): error TS17004: Cannot use JSX unless the '--jsx' flag is provided.
src/pages/Projects.tsx(1351,15): error TS17004: Cannot use JSX unless the '--jsx' flag is provided.
src/pages/Projects.tsx(1352,15): error TS17004: Cannot use JSX unless the '--jsx' flag is provided.
src/pages/Projects.tsx(1353,15): error TS17004: Cannot use JSX unless the '--jsx' flag is provided.
src/pages/Projects.tsx(1354,17): error TS17004: Cannot use JSX unless the '--jsx' flag is provided.
src/pages/Projects.tsx(1355,17): error TS17004: Cannot use JSX unless the '--jsx' flag is provided.
src/pages/Projects.tsx(1357,21): error TS17004: Cannot use JSX unless the '--jsx' flag is provided.
src/pages/Projects.tsx(1358,23): error TS17004: Cannot use JSX unless the '--jsx' flag is provided.
src/pages/Projects.tsx(1372,15): error TS17004: Cannot use JSX unless the '--jsx' flag is provided.
src/pages/Projects.tsx(1379,11): error TS17004: Cannot use JSX unless the '--jsx' flag is provided.
src/pages/Projects.tsx(1380,13): error TS17004: Cannot use JSX unless the '--jsx' flag is provided.
src/pages/Projects.tsx(1381,15): error TS17004: Cannot use JSX unless the '--jsx' flag is provided.
src/pages/Projects.tsx(1382,15): error TS17004: Cannot use JSX unless the '--jsx' flag is provided.
src/pages/Projects.tsx(1383,15): error TS17004: Cannot use JSX unless the '--jsx' flag is provided.
src/pages/Projects.tsx(1384,15): error TS17004: Cannot use JSX unless the '--jsx' flag is provided.
src/pages/Projects.tsx(1385,15): error TS17004: Cannot use JSX unless the '--jsx' flag is provided.
src/pages/Projects.tsx(1386,15): error TS17004: Cannot use JSX unless the '--jsx' flag is provided.
src/pages/Projects.tsx(1392,11): error TS17004: Cannot use JSX unless the '--jsx' flag is provided.
src/pages/Projects.tsx(1393,13): error TS17004: Cannot use JSX unless the '--jsx' flag is provided.
src/pages/Projects.tsx(1394,15): error TS17004: Cannot use JSX unless the '--jsx' flag is provided.
src/pages/Projects.tsx(1400,15): error TS17004: Cannot use JSX unless the '--jsx' flag is provided.
src/pages/Projects.tsx(1406,15): error TS17004: Cannot use JSX unless the '--jsx' flag is provided.
src/pages/Projects.tsx(1407,17): error TS17004: Cannot use JSX unless the '--jsx' flag is provided.
src/pages/Projects.tsx(1408,17): error TS17004: Cannot use JSX unless the '--jsx' flag is provided.
src/pages/Projects.tsx(1413,19): error TS17004: Cannot use JSX unless the '--jsx' flag is provided.
src/pages/Projects.tsx(1415,21): error TS17004: Cannot use JSX unless the '--jsx' flag is provided.
src/pages/Projects.tsx(1419,15): error TS17004: Cannot use JSX unless the '--jsx' flag is provided.
src/pages/Projects.tsx(1425,15): error TS17004: Cannot use JSX unless the '--jsx' flag is provided.
src/pages/Projects.tsx(1438,3): error TS17004: Cannot use JSX unless the '--jsx' flag is provided.
src/pages/Projects.tsx(1439,5): error TS17004: Cannot use JSX unless the '--jsx' flag is provided.
src/pages/Projects.tsx(1440,5): error TS17004: Cannot use JSX unless the '--jsx' flag is provided.
src/pages/Projects.tsx(1451,3): error TS17004: Cannot use JSX unless the '--jsx' flag is provided.
src/pages/Projects.tsx(1452,5): error TS17004: Cannot use JSX unless the '--jsx' flag is provided.
src/pages/Projects.tsx(1453,5): error TS17004: Cannot use JSX unless the '--jsx' flag is provided.
src/pages/Projects.tsx(1458,27): error TS17004: Cannot use JSX unless the '--jsx' flag is provided.
src/pages/Projects.tsx(1464,3): error TS17004: Cannot use JSX unless the '--jsx' flag is provided.
src/pages/Projects.tsx(1465,5): error TS17004: Cannot use JSX unless the '--jsx' flag is provided.
src/pages/Projects.tsx(1466,7): error TS17004: Cannot use JSX unless the '--jsx' flag is provided.
src/pages/Projects.tsx(1467,9): error TS17004: Cannot use JSX unless the '--jsx' flag is provided.
src/pages/Projects.tsx(1468,9): error TS17004: Cannot use JSX unless the '--jsx' flag is provided.
src/pages/Projects.tsx(1468,91): error TS17004: Cannot use JSX unless the '--jsx' flag is provided.
src/pages/Projects.tsx(1494,7): error TS17004: Cannot use JSX unless the '--jsx' flag is provided.
src/pages/Projects.tsx(1507,7): error TS17004: Cannot use JSX unless the '--jsx' flag is provided.
src/pages/Projects.tsx(1518,5): error TS17004: Cannot use JSX unless the '--jsx' flag is provided.
src/pages/Projects.tsx(1519,7): error TS17004: Cannot use JSX unless the '--jsx' flag is provided.
src/pages/Projects.tsx(1525,20): error TS17004: Cannot use JSX unless the '--jsx' flag is provided.
src/pages/Projects.tsx(1545,7): error TS17004: Cannot use JSX unless the '--jsx' flag is provided.
src/pages/Projects.tsx(1557,5): error TS17004: Cannot use JSX unless the '--jsx' flag is provided.
src/pages/Projects.tsx(1558,7): error TS17004: Cannot use JSX unless the '--jsx' flag is provided.
src/pages/Projects.tsx(1565,20): error TS17004: Cannot use JSX unless the '--jsx' flag is provided.
src/pages/Projects.tsx(1585,5): error TS17004: Cannot use JSX unless the '--jsx' flag is provided.
src/pages/Projects.tsx(1586,7): error TS17004: Cannot use JSX unless the '--jsx' flag is provided.
src/pages/Projects.tsx(1598,7): error TS17004: Cannot use JSX unless the '--jsx' flag is provided.
src/pages/Projects.tsx(1599,20): error TS17004: Cannot use JSX unless the '--jsx' flag is provided.
src/pages/Projects.tsx(1605,3): error TS17004: Cannot use JSX unless the '--jsx' flag is provided.
src/pages/Projects.tsx(1610,25): error TS17004: Cannot use JSX unless the '--jsx' flag is provided.
